../FatFs/Src/ff.c:619:13:ld_16	24	static
../FatFs/Src/ff.c:628:14:ld_32	24	static
../FatFs/Src/ff.c:657:13:st_16	16	static
../FatFs/Src/ff.c:663:13:st_32	16	static
../FatFs/Src/ff.c:693:12:dbc_1st	16	static
../FatFs/Src/ff.c:713:12:dbc_2nd	16	static
../FatFs/Src/ff.c:1057:16:sync_window	24	static
../FatFs/Src/ff.c:1079:16:move_window	32	static
../FatFs/Src/ff.c:1110:16:sync_fs	32	static
../FatFs/Src/ff.c:1159:14:clst2sect	16	static
../FatFs/Src/ff.c:1176:14:get_fat	32	static
../FatFs/Src/ff.c:1254:16:put_fat	48	static
../FatFs/Src/ff.c:1444:16:remove_chain	48	static
../FatFs/Src/ff.c:1539:14:create_chain	48	static
../FatFs/Src/ff.c:1675:16:dir_clear	32	static
../FatFs/Src/ff.c:1714:16:dir_sdi	32	static
../FatFs/Src/ff.c:1762:16:dir_next	32	static
../FatFs/Src/ff.c:1823:16:dir_alloc	40	static
../FatFs/Src/ff.c:1865:14:ld_clust	24	static
../FatFs/Src/ff.c:1882:13:st_clust	24	static
../FatFs/Src/ff.c:2334:16:dir_read	40	static
../FatFs/Src/ff.c:2412:16:dir_find	40	static
../FatFs/Src/ff.c:2494:16:dir_register	32	static
../FatFs/Src/ff.c:2607:16:dir_remove	32	static
../FatFs/Src/ff.c:2653:13:get_fileinfo	32	static
../FatFs/Src/ff.c:2892:16:create_name	48	static
../FatFs/Src/ff.c:3101:16:follow_path	48	static
../FatFs/Src/ff.c:3220:12:get_ldnumber	32	static
../FatFs/Src/ff.c:3367:13:check_fs	32	static
../FatFs/Src/ff.c:3407:13:find_volume	40	static
../FatFs/Src/ff.c:3461:16:mount_volume	80	static
../FatFs/Src/ff.c:3695:16:validate	32	static
../FatFs/Src/ff.c:3739:9:f_mount	48	static
../FatFs/Src/ff.c:3799:9:f_open	120	static
../FatFs/Src/ff.c:3996:9:f_read	72	static
../FatFs/Src/ff.c:4097:9:f_write	64	static
../FatFs/Src/ff.c:4218:9:f_sync	40	static
../FatFs/Src/ff.c:4299:9:f_close	32	static
../FatFs/Src/ff.c:4555:9:f_lseek	48	static
../FatFs/Src/ff.c:4719:9:f_opendir	32	static
../FatFs/Src/ff.c:4781:9:f_closedir	32	static
../FatFs/Src/ff.c:4811:9:f_readdir	32	static
../FatFs/Src/ff.c:4902:9:f_stat	80	static
../FatFs/Src/ff.c:4939:9:f_getfree	80	static
../FatFs/Src/ff.c:5036:9:f_truncate	40	static
../FatFs/Src/ff.c:5087:9:f_unlink	136	static
../FatFs/Src/ff.c:5176:9:f_mkdir	112	static
../FatFs/Src/ff.c:5261:9:f_rename	168	static
