../Core/Src/main.c:97:5:_write	1
../Core/Src/main.c:102:7:get_fattime	1
../Core/Src/main.c:111:5:main	1
../Core/Src/main.c:204:6:SystemClock_Config	3
../Core/Src/main.c:245:13:MX_I2C1_Init	4
../Core/Src/main.c:293:13:MX_SPI1_Init	2
../Core/Src/main.c:333:13:MX_USART2_UART_Init	5
../Core/Src/main.c:379:13:MX_DMA_Init	1
../Core/Src/main.c:400:13:MX_GPIO_Init	1
../Core/Src/main.c:458:6:StartDefaultTask	1
../Core/Src/main.c:477:6:HAL_TIM_PeriodElapsedCallback	2
../Core/Src/main.c:495:6:Error_Handler	1
